[www.curso.art.br/amigurumipasso.html]
[backblue.gif]
[fade.gif]
[index.html]
[cdn-mars.vendd.com.br/p/yjQeyArHbfcox4ckj0mVm1vHO2tzX3KFb0ope5noc0HeX9Na/v-files/css/frontend-lite.min_1.css]
[cdn-mars.vendd.com.br/p/yjQeyArHbfcox4ckj0mVm1vHO2tzX3KFb0ope5noc0HeX9Na/v-files/css/swiper.min.css]
[cdn-mars.vendd.com.br/p/yjQeyArHbfcox4ckj0mVm1vHO2tzX3KFb0ope5noc0HeX9Na/v-files/css/post-16.css]
[cdn-mars.vendd.com.br/p/yjQeyArHbfcox4ckj0mVm1vHO2tzX3KFb0ope5noc0HeX9Na/v-files/css/frontend-lite.min.css]
[cdn-mars.vendd.com.br/p/yjQeyArHbfcox4ckj0mVm1vHO2tzX3KFb0ope5noc0HeX9Na/v-files/css/sticky-effect.min.css]
[cdn-mars.vendd.com.br/p/yjQeyArHbfcox4ckj0mVm1vHO2tzX3KFb0ope5noc0HeX9Na/v-files/css/global.css]
[cdn-mars.vendd.com.br/p/yjQeyArHbfcox4ckj0mVm1vHO2tzX3KFb0ope5noc0HeX9Na/v-files/css/post-169.css]
[cdn-mars.vendd.com.br/p/yjQeyArHbfcox4ckj0mVm1vHO2tzX3KFb0ope5noc0HeX9Na/v-files/css/css.css]
[cdn-mars.vendd.com.br/p/yjQeyArHbfcox4ckj0mVm1vHO2tzX3KFb0ope5noc0HeX9Na/v-files/assets/6359079.png]
[adoroamigurumi.com/wp-content/uploads/2024/05/6359079.png]
[cdn-mars.vendd.com.br/p/yjQeyArHbfcox4ckj0mVm1vHO2tzX3KFb0ope5noc0HeX9Na/v-files/css/all.min.css]
[cdn.utmify.com.br/scripts/pixel/pixel.js]
[cdn.utmify.com.br/scripts/utms/latest.js]
[connect.facebook.net/en_US/fbevents.js]
[cdn-mars.vendd.com.br/p/yjQeyArHbfcox4ckj0mVm1vHO2tzX3KFb0ope5noc0HeX9Na/v-files/assets/396064351_719159770244356_8601121599579046639_n-300x300-1.jpg]
[cdn-mars.vendd.com.br/p/yjQeyArHbfcox4ckj0mVm1vHO2tzX3KFb0ope5noc0HeX9Na/v-files/assets/433465121_865143082289956_976056176965745848_n.jpg]
[cdn-mars.vendd.com.br/p/yjQeyArHbfcox4ckj0mVm1vHO2tzX3KFb0ope5noc0HeX9Na/v-files/assets/Imagem-do-WhatsApp-de-2023-09-27-as-16.11.53_bb3915a2-300x300-1.jpg]
[cdn-mars.vendd.com.br/p/yjQeyArHbfcox4ckj0mVm1vHO2tzX3KFb0ope5noc0HeX9Na/v-files/assets/431988022_865143098956621_632959780072393702_n-1.jpg]
[cdn-mars.vendd.com.br/p/yjQeyArHbfcox4ckj0mVm1vHO2tzX3KFb0ope5noc0HeX9Na/v-files/assets/il_1140xN.5212172028_60kh-300x300-1.jpg]
[cdn-mars.vendd.com.br/p/yjQeyArHbfcox4ckj0mVm1vHO2tzX3KFb0ope5noc0HeX9Na/v-files/assets/433452583_865143095623288_2708697734945284700_n.jpg]
[cdn-mars.vendd.com.br/p/yjQeyArHbfcox4ckj0mVm1vHO2tzX3KFb0ope5noc0HeX9Na/v-files/assets/WhatsApp-Image-2022-03-31-at-18.20.24-4-300x300-1.jpg]
[cdn-mars.vendd.com.br/p/yjQeyArHbfcox4ckj0mVm1vHO2tzX3KFb0ope5noc0HeX9Na/v-files/assets/WhatsApp-Image-2022-04-02-at-21.40.59-300x300-1.jpg]
[cdn-mars.vendd.com.br/p/yjQeyArHbfcox4ckj0mVm1vHO2tzX3KFb0ope5noc0HeX9Na/v-files/assets/Bulldog-Frances-Amigurumi-Receitas-de-Amigurumi-em-portugues-1-300x300-1.jpg]
[cdn-mars.vendd.com.br/p/yjQeyArHbfcox4ckj0mVm1vHO2tzX3KFb0ope5noc0HeX9Na/v-files/assets/il_1140xN.2779943659_ilfx-300x300-1.jpg]
[cdn-mars.vendd.com.br/p/yjQeyArHbfcox4ckj0mVm1vHO2tzX3KFb0ope5noc0HeX9Na/v-files/assets/Imagem-do-WhatsApp-de-2023-11-04-as-00.19.13_7ff1f98a-300x300-1.jpg]
[cdn-mars.vendd.com.br/p/yjQeyArHbfcox4ckj0mVm1vHO2tzX3KFb0ope5noc0HeX9Na/v-files/assets/Receita-Boneca-de-tranca-Amigurumi-300x300-1.jpg]
[cdn-mars.vendd.com.br/p/yjQeyArHbfcox4ckj0mVm1vHO2tzX3KFb0ope5noc0HeX9Na/v-files/assets/Receita-Cachorro-migurumi-300x300-1.jpg]
[cdn-mars.vendd.com.br/p/yjQeyArHbfcox4ckj0mVm1vHO2tzX3KFb0ope5noc0HeX9Na/v-files/assets/receita-gato-amigurumi-amigurumi-receita-300x300-1.jpg]
[cdn-mars.vendd.com.br/p/yjQeyArHbfcox4ckj0mVm1vHO2tzX3KFb0ope5noc0HeX9Na/v-files/assets/Receita-Presepio-Amigurumi-300x300-1.jpg]
[cdn-mars.vendd.com.br/p/yjQeyArHbfcox4ckj0mVm1vHO2tzX3KFb0ope5noc0HeX9Na/v-files/assets/receita-rei-magos-amigurumi-amigurumi-presepio-300x300-1.jpg]
[cdn-mars.vendd.com.br/p/yjQeyArHbfcox4ckj0mVm1vHO2tzX3KFb0ope5noc0HeX9Na/v-files/assets/Receitas-em-PDF-Anne-Amigurumi-300x300-1.jpg]
[cdn-mars.vendd.com.br/p/yjQeyArHbfcox4ckj0mVm1vHO2tzX3KFb0ope5noc0HeX9Na/v-files/assets/WhatsApp-Image-2020-10-18-at-00.44.24-300x300-1.jpg]
[cdn-mars.vendd.com.br/p/yjQeyArHbfcox4ckj0mVm1vHO2tzX3KFb0ope5noc0HeX9Na/v-files/assets/WhatsApp-Image-2021-03-10-at-21.03.05-300x300-1.jpg]
[cdn-mars.vendd.com.br/p/yjQeyArHbfcox4ckj0mVm1vHO2tzX3KFb0ope5noc0HeX9Na/v-files/assets/WhatsApp-Image-2021-04-26-at-13.59.03-300x300-1.jpg]
[cdn-mars.vendd.com.br/p/yjQeyArHbfcox4ckj0mVm1vHO2tzX3KFb0ope5noc0HeX9Na/v-files/assets/il_1140xN.5212172028_60kh-300x300-1_1.jpg]
[cdn-mars.vendd.com.br/p/yjQeyArHbfcox4ckj0mVm1vHO2tzX3KFb0ope5noc0HeX9Na/v-files/assets/compra-segura-1.png]
[cdn-mars.vendd.com.br/p/yjQeyArHbfcox4ckj0mVm1vHO2tzX3KFb0ope5noc0HeX9Na/v-files/assets/WhatsApp_Image_2020-10-18_at_00.44.24-removebg-preview-1.png]
[cdn-mars.vendd.com.br/p/yjQeyArHbfcox4ckj0mVm1vHO2tzX3KFb0ope5noc0HeX9Na/v-files/assets/pngtree-vector-play-icon-png-image_924817-removebg-preview-2.png]
[cdn-mars.vendd.com.br/p/yjQeyArHbfcox4ckj0mVm1vHO2tzX3KFb0ope5noc0HeX9Na/v-files/assets/678b20b7e76e3c81baa4f8c6ee1bc656.png]
[cdn-mars.vendd.com.br/p/yjQeyArHbfcox4ckj0mVm1vHO2tzX3KFb0ope5noc0HeX9Na/v-files/assets/1-removebg-preview-1.png]
[cdn-mars.vendd.com.br/p/yjQeyArHbfcox4ckj0mVm1vHO2tzX3KFb0ope5noc0HeX9Na/v-files/assets/DO-INICIANTE-AO-AVANCADO-1.png]
[cdn-mars.vendd.com.br/p/yjQeyArHbfcox4ckj0mVm1vHO2tzX3KFb0ope5noc0HeX9Na/v-files/assets/DO-INICIANTE-AO-AVANCADO-2.png]
[cdn-mars.vendd.com.br/p/yjQeyArHbfcox4ckj0mVm1vHO2tzX3KFb0ope5noc0HeX9Na/v-files/assets/DO-INICIANTE-AO-AVANCADO-3.png]
[cdn-mars.vendd.com.br/p/yjQeyArHbfcox4ckj0mVm1vHO2tzX3KFb0ope5noc0HeX9Na/v-files/assets/1.png]
[cdn-mars.vendd.com.br/p/yjQeyArHbfcox4ckj0mVm1vHO2tzX3KFb0ope5noc0HeX9Na/v-files/assets/2.png]
[cdn-mars.vendd.com.br/p/yjQeyArHbfcox4ckj0mVm1vHO2tzX3KFb0ope5noc0HeX9Na/v-files/assets/olhos-bordados-1.jpg]
[cdn-mars.vendd.com.br/p/yjQeyArHbfcox4ckj0mVm1vHO2tzX3KFb0ope5noc0HeX9Na/v-files/assets/Expressoes-nos-rostos.jpg]
[cdn-mars.vendd.com.br/p/yjQeyArHbfcox4ckj0mVm1vHO2tzX3KFb0ope5noc0HeX9Na/v-files/assets/cabelo2.png]
[cdn-mars.vendd.com.br/p/yjQeyArHbfcox4ckj0mVm1vHO2tzX3KFb0ope5noc0HeX9Na/v-files/css/widget-carousel.min.css]
[cdn-mars.vendd.com.br/p/yjQeyArHbfcox4ckj0mVm1vHO2tzX3KFb0ope5noc0HeX9Na/v-files/assets/Captura-de-tela-2024-02-14-224308.png]
[cdn-mars.vendd.com.br/p/yjQeyArHbfcox4ckj0mVm1vHO2tzX3KFb0ope5noc0HeX9Na/v-files/assets/Captura-de-tela-2024-02-13-213009.png]
[cdn-mars.vendd.com.br/p/yjQeyArHbfcox4ckj0mVm1vHO2tzX3KFb0ope5noc0HeX9Na/v-files/assets/IMG_2147-scaled-oqmh0692w1gnh9p1pe9p79u1wj4anamry3zaucyx34.jpg]
[cdn-mars.vendd.com.br/p/yjQeyArHbfcox4ckj0mVm1vHO2tzX3KFb0ope5noc0HeX9Na/v-files/assets/Design-sem-nome-57.jpg]
[cdn-mars.vendd.com.br/p/yjQeyArHbfcox4ckj0mVm1vHO2tzX3KFb0ope5noc0HeX9Na/v-files/assets/Design-sem-nome-68.jpg]
[cdn-mars.vendd.com.br/p/yjQeyArHbfcox4ckj0mVm1vHO2tzX3KFb0ope5noc0HeX9Na/v-files/assets/Design-sem-nome-74.jpg]
[cdn-mars.vendd.com.br/p/yjQeyArHbfcox4ckj0mVm1vHO2tzX3KFb0ope5noc0HeX9Na/v-files/assets/Design-sem-nome-58.jpg]
[cdn-mars.vendd.com.br/p/yjQeyArHbfcox4ckj0mVm1vHO2tzX3KFb0ope5noc0HeX9Na/v-files/assets/Coelho-realista-Receitas-de-amigurumi-em-portugues.jpg]
[cdn-mars.vendd.com.br/p/yjQeyArHbfcox4ckj0mVm1vHO2tzX3KFb0ope5noc0HeX9Na/v-files/assets/coelho-amigurumi-2-1.jpg]
[cdn-mars.vendd.com.br/p/yjQeyArHbfcox4ckj0mVm1vHO2tzX3KFb0ope5noc0HeX9Na/v-files/assets/coelho-amigurumi-4-1.jpg]
[cdn-mars.vendd.com.br/p/yjQeyArHbfcox4ckj0mVm1vHO2tzX3KFb0ope5noc0HeX9Na/v-files/assets/il_794xN.2001615385_l99g.jpg]
[cdn-mars.vendd.com.br/p/yjQeyArHbfcox4ckj0mVm1vHO2tzX3KFb0ope5noc0HeX9Na/v-files/assets/Bulldog-Frances-Amigurumi-Receitas-de-Amigurumi-em-portugues-2.jpg]
[cdn-mars.vendd.com.br/p/yjQeyArHbfcox4ckj0mVm1vHO2tzX3KFb0ope5noc0HeX9Na/v-files/assets/il_794xN.2165849227_l6el.jpg]
[cdn-mars.vendd.com.br/p/yjQeyArHbfcox4ckj0mVm1vHO2tzX3KFb0ope5noc0HeX9Na/v-files/assets/formas-de-pagamento-removebg-preview.png]
[cdn-mars.vendd.com.br/p/yjQeyArHbfcox4ckj0mVm1vHO2tzX3KFb0ope5noc0HeX9Na/v-files/assets/WhatsApp-Image-2021-03-01-at-15.16.51.jpg]
[cdn-mars.vendd.com.br/p/yjQeyArHbfcox4ckj0mVm1vHO2tzX3KFb0ope5noc0HeX9Na/v-files/assets/WhatsApp-Image-2021-03-01-at-15.16.50-1.jpg]
[cdn-mars.vendd.com.br/p/yjQeyArHbfcox4ckj0mVm1vHO2tzX3KFb0ope5noc0HeX9Na/v-files/assets/WhatsApp-Image-2021-03-01-at-15.19.54.jpg]
[cdn-mars.vendd.com.br/p/yjQeyArHbfcox4ckj0mVm1vHO2tzX3KFb0ope5noc0HeX9Na/v-files/assets/82f75a07e0dbbb54624ae078eff7d789.jpg]
[cdn-mars.vendd.com.br/p/yjQeyArHbfcox4ckj0mVm1vHO2tzX3KFb0ope5noc0HeX9Na/v-files/assets/mochila-vaca-2.png]
[cdn-mars.vendd.com.br/p/yjQeyArHbfcox4ckj0mVm1vHO2tzX3KFb0ope5noc0HeX9Na/v-files/assets/selo-de-garantia-7-dias-1-1-1-orig_orig.png]
[cdn-mars.vendd.com.br/p/yjQeyArHbfcox4ckj0mVm1vHO2tzX3KFb0ope5noc0HeX9Na/v-files/css/animations.min.css]
[cdn-mars.vendd.com.br/p/yjQeyArHbfcox4ckj0mVm1vHO2tzX3KFb0ope5noc0HeX9Na/v-files/css/mediaelementplayer-legacy.min.css]
[cdn-mars.vendd.com.br/p/yjQeyArHbfcox4ckj0mVm1vHO2tzX3KFb0ope5noc0HeX9Na/v-files/css/audier-elementor.min.css]
[cdn-mars.vendd.com.br/p/yjQeyArHbfcox4ckj0mVm1vHO2tzX3KFb0ope5noc0HeX9Na/v-files/css/elementor-admin.min.css]
[cdn-mars.vendd.com.br/p/yjQeyArHbfcox4ckj0mVm1vHO2tzX3KFb0ope5noc0HeX9Na/v-files/css/skip-back.min.css]
[cdn-mars.vendd.com.br/p/yjQeyArHbfcox4ckj0mVm1vHO2tzX3KFb0ope5noc0HeX9Na/v-files/css/playlist.min.css]
[cdn-mars.vendd.com.br/p/yjQeyArHbfcox4ckj0mVm1vHO2tzX3KFb0ope5noc0HeX9Na/v-files/css/jump-forward.min.css]
[cdn-mars.vendd.com.br/p/yjQeyArHbfcox4ckj0mVm1vHO2tzX3KFb0ope5noc0HeX9Na/v-files/js/jquery.min.js]
[cdn-mars.vendd.com.br/p/yjQeyArHbfcox4ckj0mVm1vHO2tzX3KFb0ope5noc0HeX9Na/v-files/js/jquery-migrate.min.js]
[cdn-mars.vendd.com.br/p/yjQeyArHbfcox4ckj0mVm1vHO2tzX3KFb0ope5noc0HeX9Na/v-files/js/jquery-ui.min.js]
[cdn-mars.vendd.com.br/p/yjQeyArHbfcox4ckj0mVm1vHO2tzX3KFb0ope5noc0HeX9Na/v-files/js/imagesloaded.min.js]
[cdn-mars.vendd.com.br/p/yjQeyArHbfcox4ckj0mVm1vHO2tzX3KFb0ope5noc0HeX9Na/v-files/js/mediaelement-and-player.min.js]
[cdn-mars.vendd.com.br/p/yjQeyArHbfcox4ckj0mVm1vHO2tzX3KFb0ope5noc0HeX9Na/v-files/js/mediaelement-migrate.min.js]
[cdn-mars.vendd.com.br/p/yjQeyArHbfcox4ckj0mVm1vHO2tzX3KFb0ope5noc0HeX9Na/v-files/js/audier-elementor.min.js]
[cdn-mars.vendd.com.br/p/yjQeyArHbfcox4ckj0mVm1vHO2tzX3KFb0ope5noc0HeX9Na/v-files/js/playlist.min.js]
[cdn-mars.vendd.com.br/p/yjQeyArHbfcox4ckj0mVm1vHO2tzX3KFb0ope5noc0HeX9Na/v-files/js/skip-back.min.js]
[cdn-mars.vendd.com.br/p/yjQeyArHbfcox4ckj0mVm1vHO2tzX3KFb0ope5noc0HeX9Na/v-files/js/jump-forward.min.js]
[cdn-mars.vendd.com.br/p/yjQeyArHbfcox4ckj0mVm1vHO2tzX3KFb0ope5noc0HeX9Na/v-files/js/webpack-pro.runtime.min.js]
[cdn-mars.vendd.com.br/p/yjQeyArHbfcox4ckj0mVm1vHO2tzX3KFb0ope5noc0HeX9Na/v-files/js/webpack.runtime.min.js]
[cdn-mars.vendd.com.br/p/yjQeyArHbfcox4ckj0mVm1vHO2tzX3KFb0ope5noc0HeX9Na/v-files/js/frontend-modules.min.js]
[cdn-mars.vendd.com.br/p/yjQeyArHbfcox4ckj0mVm1vHO2tzX3KFb0ope5noc0HeX9Na/v-files/js/hooks.min.js]
[cdn-mars.vendd.com.br/p/yjQeyArHbfcox4ckj0mVm1vHO2tzX3KFb0ope5noc0HeX9Na/v-files/js/i18n.min.js]
[cdn-mars.vendd.com.br/p/yjQeyArHbfcox4ckj0mVm1vHO2tzX3KFb0ope5noc0HeX9Na/v-files/js/frontend.min_1.js]
[cdn-mars.vendd.com.br/p/yjQeyArHbfcox4ckj0mVm1vHO2tzX3KFb0ope5noc0HeX9Na/v-files/js/waypoints.min.js]
[cdn-mars.vendd.com.br/p/yjQeyArHbfcox4ckj0mVm1vHO2tzX3KFb0ope5noc0HeX9Na/v-files/js/core.min.js]
[cdn-mars.vendd.com.br/p/yjQeyArHbfcox4ckj0mVm1vHO2tzX3KFb0ope5noc0HeX9Na/v-files/js/frontend.min.js]
[cdn-mars.vendd.com.br/p/yjQeyArHbfcox4ckj0mVm1vHO2tzX3KFb0ope5noc0HeX9Na/v-files/js/elements-handlers.min.js]
[cdn-mars.vendd.com.br/p/yjQeyArHbfcox4ckj0mVm1vHO2tzX3KFb0ope5noc0HeX9Na/v-files/js/sticky-effect.min.js]
[cdn-mars.vendd.com.br/p/yjQeyArHbfcox4ckj0mVm1vHO2tzX3KFb0ope5noc0HeX9Na/v-files/js/scrolling-effect.min.js]
[www.curso.art.br/amigurumipasso.html]
[cdn-mars.vendd.com.br/p/yjQeyArHbfcox4ckj0mVm1vHO2tzX3KFb0ope5noc0HeX9Na/v-files/css/frontend-lite.min_1.css]
[cdn-mars.vendd.com.br/p/yjQeyArHbfcox4ckj0mVm1vHO2tzX3KFb0ope5noc0HeX9Na/v-files/css/swiper.min.css]
[cdn-mars.vendd.com.br/p/yjQeyArHbfcox4ckj0mVm1vHO2tzX3KFb0ope5noc0HeX9Na/v-files/css/post-16.css]
[cdn-mars.vendd.com.br/p/yjQeyArHbfcox4ckj0mVm1vHO2tzX3KFb0ope5noc0HeX9Na/v-files/css/frontend-lite.min.css]
[cdn-mars.vendd.com.br/p/yjQeyArHbfcox4ckj0mVm1vHO2tzX3KFb0ope5noc0HeX9Na/v-files/css/sticky-effect.min.css]
[cdn-mars.vendd.com.br/p/yjQeyArHbfcox4ckj0mVm1vHO2tzX3KFb0ope5noc0HeX9Na/v-files/css/global.css]
[cdn-mars.vendd.com.br/p/yjQeyArHbfcox4ckj0mVm1vHO2tzX3KFb0ope5noc0HeX9Na/v-files/css/post-169.css]
[cdn-mars.vendd.com.br/p/yjQeyArHbfcox4ckj0mVm1vHO2tzX3KFb0ope5noc0HeX9Na/v-files/css/css.css]
[cdn-mars.vendd.com.br/p/yjQeyArHbfcox4ckj0mVm1vHO2tzX3KFb0ope5noc0HeX9Na/v-files/css/all.min.css]
[cdn-mars.vendd.com.br/p/yjQeyArHbfcox4ckj0mVm1vHO2tzX3KFb0ope5noc0HeX9Na/v-files/js/whatsapp-ballon.js]
[www.curso.art.br/a.html]
[www.curso.art.br/POST.html]
[www.curso.art.br/schema.org/index.html]
[www.curso.art.br/b.html]
[connect.facebook.net/en_US/fbevents.js]
[cdn-mars.vendd.com.br/p/yjQeyArHbfcox4ckj0mVm1vHO2tzX3KFb0ope5noc0HeX9Na/v-files/css/widget-carousel.min.css]
[cdn-mars.vendd.com.br/p/yjQeyArHbfcox4ckj0mVm1vHO2tzX3KFb0ope5noc0HeX9Na/v-files/css/animations.min.css]
[cdn-mars.vendd.com.br/p/yjQeyArHbfcox4ckj0mVm1vHO2tzX3KFb0ope5noc0HeX9Na/v-files/css/mediaelementplayer-legacy.min.css]
[cdn-mars.vendd.com.br/p/yjQeyArHbfcox4ckj0mVm1vHO2tzX3KFb0ope5noc0HeX9Na/v-files/css/audier-elementor.min.css]
[cdn-mars.vendd.com.br/p/yjQeyArHbfcox4ckj0mVm1vHO2tzX3KFb0ope5noc0HeX9Na/v-files/css/elementor-admin.min.css]
[cdn-mars.vendd.com.br/p/yjQeyArHbfcox4ckj0mVm1vHO2tzX3KFb0ope5noc0HeX9Na/v-files/css/skip-back.min.css]
[cdn-mars.vendd.com.br/p/yjQeyArHbfcox4ckj0mVm1vHO2tzX3KFb0ope5noc0HeX9Na/v-files/css/playlist.min.css]
[cdn-mars.vendd.com.br/p/yjQeyArHbfcox4ckj0mVm1vHO2tzX3KFb0ope5noc0HeX9Na/v-files/css/jump-forward.min.css]
[www.curso.art.br/a.html]
[www.curso.art.br/POST.html]
[www.curso.art.br/schema.org/index.html]
[www.curso.art.br/signals/iwl.html]
[www.curso.art.br/index.html]
[www.curso.art.br/index.html]
[www.curso.art.br/b.html]
[www.curso.art.br/signals/iwl.html]
